Performing C++ SOURCE FILE Test HAVE_CXX_FLAG_WSHORTEN_64_TO_32 failed with the following output:
Change Dir: /home/albakrih/Desktop/projects/sparse-dense-perf/build/CMakeFiles/CMakeTmp

Run Build Command(s):/usr/bin/gmake -f Makefile cmTC_8bbc7/fast && /usr/bin/gmake  -f CMakeFiles/cmTC_8bbc7.dir/build.make CMakeFiles/cmTC_8bbc7.dir/build
gmake[1]: Entering directory '/home/albakrih/Desktop/projects/sparse-dense-perf/build/CMakeFiles/CMakeTmp'
Building CXX object CMakeFiles/cmTC_8bbc7.dir/src.cxx.o
/usr/bin/c++ -DHAVE_CXX_FLAG_WSHORTEN_64_TO_32  -Wall  -Wextra  -Wshadow  -Wfloat-equal  -Wold-style-cast  -Wconversion  -Werror  -pedantic  -pedantic-errors  -Wshorten-64-to-32   -Wshorten-64-to-32 -std=c++14 -o CMakeFiles/cmTC_8bbc7.dir/src.cxx.o -c /home/albakrih/Desktop/projects/sparse-dense-perf/build/CMakeFiles/CMakeTmp/src.cxx
c++: error: unrecognized command-line option '-Wshorten-64-to-32'
c++: error: unrecognized command-line option '-Wshorten-64-to-32'
gmake[1]: *** [CMakeFiles/cmTC_8bbc7.dir/build.make:78: CMakeFiles/cmTC_8bbc7.dir/src.cxx.o] Error 1
gmake[1]: Leaving directory '/home/albakrih/Desktop/projects/sparse-dense-perf/build/CMakeFiles/CMakeTmp'
gmake: *** [Makefile:127: cmTC_8bbc7/fast] Error 2


Source file was:
int main() { return 0; }
Performing C++ SOURCE FILE Test HAVE_CXX_FLAG_WD654 failed with the following output:
Change Dir: /home/albakrih/Desktop/projects/sparse-dense-perf/build/CMakeFiles/CMakeTmp

Run Build Command(s):/usr/bin/gmake -f Makefile cmTC_15794/fast && /usr/bin/gmake  -f CMakeFiles/cmTC_15794.dir/build.make CMakeFiles/cmTC_15794.dir/build
gmake[1]: Entering directory '/home/albakrih/Desktop/projects/sparse-dense-perf/build/CMakeFiles/CMakeTmp'
Building CXX object CMakeFiles/cmTC_15794.dir/src.cxx.o
/usr/bin/c++ -DHAVE_CXX_FLAG_WD654  -Wall  -Wextra  -Wshadow  -Wfloat-equal  -Wold-style-cast  -Wconversion  -Werror  -pedantic  -pedantic-errors  -fstrict-aliasing  -Wno-deprecated-declarations  -Wno-deprecated  -Wstrict-aliasing  -wd654   -wd654 -std=c++14 -o CMakeFiles/cmTC_15794.dir/src.cxx.o -c /home/albakrih/Desktop/projects/sparse-dense-perf/build/CMakeFiles/CMakeTmp/src.cxx
c++: error: unrecognized command-line option '-wd654'
c++: error: unrecognized command-line option '-wd654'
gmake[1]: *** [CMakeFiles/cmTC_15794.dir/build.make:78: CMakeFiles/cmTC_15794.dir/src.cxx.o] Error 1
gmake[1]: Leaving directory '/home/albakrih/Desktop/projects/sparse-dense-perf/build/CMakeFiles/CMakeTmp'
gmake: *** [Makefile:127: cmTC_15794/fast] Error 2


Source file was:
int main() { return 0; }
Performing C++ SOURCE FILE Test HAVE_CXX_FLAG_WTHREAD_SAFETY failed with the following output:
Change Dir: /home/albakrih/Desktop/projects/sparse-dense-perf/build/CMakeFiles/CMakeTmp

Run Build Command(s):/usr/bin/gmake -f Makefile cmTC_edf45/fast && /usr/bin/gmake  -f CMakeFiles/cmTC_edf45.dir/build.make CMakeFiles/cmTC_edf45.dir/build
gmake[1]: Entering directory '/home/albakrih/Desktop/projects/sparse-dense-perf/build/CMakeFiles/CMakeTmp'
Building CXX object CMakeFiles/cmTC_edf45.dir/src.cxx.o
/usr/bin/c++ -DHAVE_CXX_FLAG_WTHREAD_SAFETY  -Wall  -Wextra  -Wshadow  -Wfloat-equal  -Wold-style-cast  -Wconversion  -Werror  -pedantic  -pedantic-errors  -fstrict-aliasing  -Wno-deprecated-declarations  -Wno-deprecated  -Wstrict-aliasing  -Wthread-safety   -Wthread-safety -std=c++14 -o CMakeFiles/cmTC_edf45.dir/src.cxx.o -c /home/albakrih/Desktop/projects/sparse-dense-perf/build/CMakeFiles/CMakeTmp/src.cxx
c++: error: unrecognized command-line option '-Wthread-safety'
c++: error: unrecognized command-line option '-Wthread-safety'
gmake[1]: *** [CMakeFiles/cmTC_edf45.dir/build.make:78: CMakeFiles/cmTC_edf45.dir/src.cxx.o] Error 1
gmake[1]: Leaving directory '/home/albakrih/Desktop/projects/sparse-dense-perf/build/CMakeFiles/CMakeTmp'
gmake: *** [Makefile:127: cmTC_edf45/fast] Error 2


Source file was:
int main() { return 0; }
